>>> EasyCV automation pass started Thu Aug  6 03:00:00 EDT 2026
>>> Target: all limit: 3 push: 
>>> Automation pass finished (exit 127) Thu Aug  6 03:00:01 EDT 2026
>>> EasyCV automation pass started Fri Aug  7 11:11:08 EDT 2026
>>> Target: all limit: 3 push: 
>>> Automation pass finished (exit 127) Fri Aug  7 11:11:08 EDT 2026
>>> EasyCV automation pass started Sat Aug  8 03:00:03 EDT 2026
>>> Target: all limit: 3 push: 
>>> Automation pass finished (exit 127) Sat Aug  8 03:00:03 EDT 2026
>>> EasyCV automation pass started Sun Aug  9 03:20:49 EDT 2026
>>> Target: all limit: 3 push: 
>>> Automation pass finished (exit 127) Sun Aug  9 03:20:49 EDT 2026
>>> EasyCV automation pass started Mon Aug 10 03:55:47 EDT 2026
>>> Target: all limit: 3 push: 
>>> Automation pass finished (exit 127) Mon Aug 10 03:55:47 EDT 2026
>>> EasyCV automation pass started Tue Aug 11 03:46:01 EDT 2026
>>> Target: all limit: 3 push: 
>>> Automation pass finished (exit 127) Tue Aug 11 03:46:02 EDT 2026
>>> EasyCV automation pass started Wed Aug 12 03:40:29 EDT 2026
>>> Target: all limit: 3 push: 
>>> Automation pass finished (exit 127) Wed Aug 12 03:40:29 EDT 2026
>>> EasyCV automation pass started Thu Aug 13 03:44:37 EDT 2026
>>> Target: all limit: 3 push: 
>>> Automation pass finished (exit 127) Thu Aug 13 03:44:37 EDT 2026
>>> EasyCV automation pass started Fri Aug 14 03:00:05 EDT 2026
>>> Target: all limit: 3 push: 
>>> Automation pass finished (exit 127) Fri Aug 14 03:00:05 EDT 2026
>>> EasyCV automation pass started Sat Aug 15 03:58:04 EDT 2026
>>> Target: all limit: 3 push: 
>>> Automation pass finished (exit 127) Sat Aug 15 03:58:04 EDT 2026
>>> EasyCV automation pass started Sun Aug 16 03:32:16 EDT 2026
>>> Target: all limit: 3 push: 
>>> Automation pass finished (exit 127) Sun Aug 16 03:32:17 EDT 2026
>>> EasyCV automation pass started Mon Aug 17 03:00:00 EDT 2026
>>> Target: all limit: 3 push: 
>>> Automation pass finished (exit 127) Mon Aug 17 03:00:00 EDT 2026
>>> EasyCV automation pass started Tue Aug 18 09:56:01 EDT 2026
>>> Target: all limit: 3 push: 
>>> Automation pass finished (exit 127) Tue Aug 18 09:56:02 EDT 2026
